// Jest Snapshot v1, https://goo.gl/fbAQLP

exports[`RedactedCreditCard renders RedactedCreditCard component 1`] = `
<DocumentFragment>
  <span
    class="RedactedCard"
  >
    <span
      class="RedactedCard__Brand"
    >
      Visa
    </span>
    <span
      class="RedactedCard__Number"
    >
       •••• •••• •••• 1234
    </span>
  </span>
</DocumentFragment>
`;
